// Jest Snapshot v1, https://goo.gl/fbAQLP

exports[`components Slider renders correctly 1`] = `
<div
  className="b-slider"
>
  <div
    className="b-slider__track"
    onMouseDown={[Function]}
    onTouchStart={[Function]}
  >
    <div
      className="b-slider__progress"
      style={
        Object {
          "width": "20%",
        }
      }
    />
  </div>
  <div
    aria-valuemax={200}
    aria-valuemin={0}
    aria-valuenow={40}
    className="b-slider__thumb"
    role="slider"
    style={
      Object {
        "left": "20%",
      }
    }
    tabIndex="0"
  />
</div>
`;
