// Jest Snapshot v1, https://goo.gl/fbAQLP

exports[`components VideoControls renders correctly 1`] = `
<div
  className="b-video-controls"
  style={
    Object {
      "opacity": 0,
      "transition": "opacity 400ms ease-in-out",
    }
  }
>
  <div
    className="b-video-controls__upper"
  >
    <div
      className="b-video-controls__time"
    >
      0:30
    </div>
    <div
      className="b-slider"
    >
      <div
        className="b-slider__track"
        onMouseDown={[Function]}
        onTouchStart={[Function]}
      >
        <div
          className="b-slider__progress"
          style={
            Object {
              "width": "24.59016393442623%",
            }
          }
        />
      </div>
      <div
        aria-valuemax={122}
        aria-valuemin={0}
        aria-valuenow={30}
        className="b-slider__thumb"
        role="slider"
        style={
          Object {
            "left": "24.59016393442623%",
          }
        }
        tabIndex="0"
      />
    </div>
  </div>
  <div
    className="b-video-controls__lower"
  >
    <span
      className="b-video-controls__title"
    >
      <span
        className="b-video-controls__title__category"
      >
        Go Deeper
        :
      </span>
      Test Title
    </span>
    <span
      className="b-video-controls__lower__right"
    >
      <a
        className="b-video-controls__topic-link"
        href="//go-deeper/"
        onClick={[Function]}
      >
        <img
          alt="Closed Captions Button"
          className="b-video-controls__topic-icon"
          src="notch-up.svg"
        />
        BACK TO TOPIC
      </a>
      <span
        className="b-video-controls__lower__right__buttons"
      >
        <button
          className="b-video-controls__volume-button"
          onClick={[Function]}
          type="button"
        >
          <img
            alt="Volume Controls"
            className="b-video-controls__volume-icon"
            src="volume.svg"
          />
        </button>
        <button
          className="b-video-controls__cc-button"
          onClick={[Function]}
          type="button"
        >
          <img
            alt="Closed Captions Button"
            className="b-video-controls__cc-icon"
            src="captions-on.svg"
          />
        </button>
      </span>
    </span>
  </div>
  <span
    className="b-video-controls__scrim"
  />
</div>
`;
