// Jest Snapshot v1, https://goo.gl/fbAQLP

exports[`components MainMenu renders correctly 1`] = `
<div
  className="b-main-menu"
>
  <span
    className="h-screen-reader"
  >
    Main Menu
  </span>
  <ul
    className="b-main-menu__list"
  />
</div>
`;
