// Jest Snapshot v1, https://goo.gl/fbAQLP

exports[`components VideoGrid renders correctly 1`] = `
<div
  className="b-video-grid"
/>
`;
